// Jest Snapshot v1, https://goo.gl/fbAQLP

exports[`it should render correctly with a custom Switch component 1`] = `
<div
  onClick={[Function]}
>
  I'm not listening
</div>
`;

exports[`it should render correctly with a default Switch component 1`] = `
<button
  onClick={[Function]}
>
  off
</button>
`;

exports[`it should render null given no SpeechRecognition API 1`] = `null`;

exports[`it should render null given no children 1`] = `null`;
